// Jest Snapshot v1, https://goo.gl/fbAQLP

exports[`<Layout /> should match snapshot 1`] = `
<DocumentFragment>
  <div>
    <header
      class="header"
    >
      <img
        alt="TV Maze Logo"
        class="logo"
        src="test url"
      />
    </header>
    <div
      class="content"
    >
      <div>
        test
      </div>
    </div>
  </div>
</DocumentFragment>
`;
